// Jest Snapshot v1, https://goo.gl/fbAQLP

exports[`Tests for Filter Painel Should match snapshot 1`] = `
<div>
  <div
    class="sc-bdnylx imbnHh container"
  >
    <div
      class="sc-dlnjPT kpeorE painel"
    >
      <svg
        aria-label="Loading"
        class=""
        data-baseweb="spinner"
        data-testid="loading"
        viewBox="3 3 18 18"
      >
        <title>
          Loading
        </title>
        <path
          class=""
          clip-rule="evenodd"
          d="M12 5C8.13401 5 5 8.13401 5 12C5 15.866 8.13401 19 12 19C15.866 19 19 15.866 19 12C19 8.13401 15.866 5 12 5ZM3 12C3 7.02944 7.02944 3 12 3C16.9706 3 21 7.02944 21 12C21 16.9706 16.9706 21 12 21C7.02944 21 3 16.9706 3 12Z"
          fill-rule="evenodd"
        />
        <path
          class=""
          clip-rule="evenodd"
          d="M16.9497 7.05015C14.2161 4.31648 9.78392 4.31648 7.05025 7.05015C6.65973 7.44067 6.02656 7.44067 5.63604 7.05015C5.24551 6.65962 5.24551 6.02646 5.63604 5.63593C9.15076 2.12121 14.8492 2.12121 18.364 5.63593C18.7545 6.02646 18.7545 6.65962 18.364 7.05015C17.9734 7.44067 17.3403 7.44067 16.9497 7.05015Z"
          fill-rule="evenodd"
        />
      </svg>
    </div>
    <div
      class="sc-gtssRu cmgIYK search-painel"
    >
      <div
        class=""
        data-baseweb="input"
      >
        <div
          class=""
          data-baseweb="base-input"
        >
          <input
            aria-invalid="false"
            aria-required="false"
            autocomplete="on"
            class=""
            inputmode="text"
            name=""
            placeholder="Filtrar por nome..."
            type="text"
            value=""
          />
        </div>
        <div
          class=""
        >
          <svg
            class=""
            data-baseweb="icon"
            title="Search"
            viewBox="0 0 24 24"
          >
            <title>
              Search
            </title>
            <path
              clip-rule="evenodd"
              d="M11 6C8.79086 6 7 7.79086 7 10C7 12.2091 8.79086 14 11 14C13.2091 14 15 12.2091 15 10C15 7.79086 13.2091 6 11 6ZM5 10C5 6.68629 7.68629 4 11 4C14.3137 4 17 6.68629 17 10C17 11.2958 16.5892 12.4957 15.8907 13.4765L19.7071 17.2929C20.0976 17.6834 20.0976 18.3166 19.7071 18.7071C19.3166 19.0976 18.6834 19.0976 18.2929 18.7071L14.4765 14.8907C13.4957 15.5892 12.2958 16 11 16C7.68629 16 5 13.3137 5 10Z"
              fill-rule="evenodd"
            />
          </svg>
        </div>
      </div>
    </div>
  </div>
</div>
`;
